{
  "generated_at": "2020-11-19T20:50:10Z",
  "plugins_used": [
    {
      "name": "AWSKeyDetector"
    },
    {
      "name": "ArtifactoryDetector"
    },
    {
      "name": "Base64HighEntropyString",
      "limit": 4.5
    },
    {
      "name": "BasicAuthDetector"
    },
    {
      "name": "HexHighEntropyString",
      "limit": 3
    },
    {
      "name": "JwtTokenDetector"
    },
    {
      "keyword_exclude": null,
      "name": "KeywordDetector"
    },
    {
      "name": "MailchimpDetector"
    },
    {
      "name": "PrivateKeyDetector"
    },
    {
      "name": "SlackDetector"
    },
    {
      "name": "SoftlayerDetector"
    },
    {
      "name": "StripeDetector"
    }
  ],
  "results": {
    "gdcdictionary/examples/invalid/secondary_expression_analysis.json": [
      {
        "type": "Hex High Entropy String",
        "filename": "gdcdictionary/examples/invalid/secondary_expression_analysis.json",
        "hashed_secret": "4de404c62cf02834719790ee27509d5f61d612e4",
        "is_verified": false,
        "line_number": 6,
        "is_secret": false
      }
    ],
    "gdcdictionary/examples/valid/aggregated_somatic_mutation.json": [
      {
        "type": "Hex High Entropy String",
        "filename": "gdcdictionary/examples/valid/aggregated_somatic_mutation.json",
        "hashed_secret": "2b38adf3cf0fc7e9584f582470a02b27c01c7257",
        "is_verified": false,
        "line_number": 7,
        "is_secret": false
      }
    ],
    "gdcdictionary/examples/valid/aligned_reads.json": [
      {
        "type": "Hex High Entropy String",
        "filename": "gdcdictionary/examples/valid/aligned_reads.json",
        "hashed_secret": "4de404c62cf02834719790ee27509d5f61d612e4",
        "is_verified": false,
        "line_number": 7,
        "is_secret": false
      }
    ],
    "gdcdictionary/examples/valid/aligned_reads_index.json": [
      {
        "type": "Hex High Entropy String",
        "filename": "gdcdictionary/examples/valid/aligned_reads_index.json",
        "hashed_secret": "a1ba33896d16eda8522e531edbaf3b625c1f4c31",
        "is_verified": false,
        "line_number": 6,
        "is_secret": false
      }
    ],
    "gdcdictionary/examples/valid/analysis_metadata.json": [
      {
        "type": "Hex High Entropy String",
        "filename": "gdcdictionary/examples/valid/analysis_metadata.json",
        "hashed_secret": "daef34f66b6e909f3a22ffd063d48eb428067b6e",
        "is_verified": false,
        "line_number": 6,
        "is_secret": false
      }
    ],
    "gdcdictionary/examples/valid/annotated_somatic_mutation.json": [
      {
        "type": "Hex High Entropy String",
        "filename": "gdcdictionary/examples/valid/annotated_somatic_mutation.json",
        "hashed_secret": "e3f181b6b92d74e30d524d03029e785d0c7c7535",
        "is_verified": false,
        "line_number": 6,
        "is_secret": false
      }
    ],
    "gdcdictionary/examples/valid/biospecimen_supplement.json": [
      {
        "type": "Hex High Entropy String",
        "filename": "gdcdictionary/examples/valid/biospecimen_supplement.json",
        "hashed_secret": "2b38adf3cf0fc7e9584f582470a02b27c01c7257",
        "is_verified": false,
        "line_number": 7,
        "is_secret": false
      }
    ],
    "gdcdictionary/examples/valid/clinical_supplement.json": [
      {
        "type": "Hex High Entropy String",
        "filename": "gdcdictionary/examples/valid/clinical_supplement.json",
        "hashed_secret": "2b38adf3cf0fc7e9584f582470a02b27c01c7257",
        "is_verified": false,
        "line_number": 7,
        "is_secret": false
      }
    ],
    "gdcdictionary/examples/valid/copy_number_estimate.json": [
      {
        "type": "Hex High Entropy String",
        "filename": "gdcdictionary/examples/valid/copy_number_estimate.json",
        "hashed_secret": "e3f181b6b92d74e30d524d03029e785d0c7c7535",
        "is_verified": false,
        "line_number": 6,
        "is_secret": false
      }
    ],
    "gdcdictionary/examples/valid/copy_number_segment.json": [
      {
        "type": "Hex High Entropy String",
        "filename": "gdcdictionary/examples/valid/copy_number_segment.json",
        "hashed_secret": "e3f181b6b92d74e30d524d03029e785d0c7c7535",
        "is_verified": false,
        "line_number": 6,
        "is_secret": false
      }
    ],
    "gdcdictionary/examples/valid/experiment_metadata.json": [
      {
        "type": "Hex High Entropy String",
        "filename": "gdcdictionary/examples/valid/experiment_metadata.json",
        "hashed_secret": "daef34f66b6e909f3a22ffd063d48eb428067b6e",
        "is_verified": false,
        "line_number": 6,
        "is_secret": false
      }
    ],
    "gdcdictionary/examples/valid/file.json": [
      {
        "type": "Hex High Entropy String",
        "filename": "gdcdictionary/examples/valid/file.json",
        "hashed_secret": "78b4db9b2aec0f0f2d3e38f9278be42b861c9dc3",
        "is_verified": false,
        "line_number": 10,
        "is_secret": false
      }
    ],
    "gdcdictionary/examples/valid/filtered_copy_number_segment.json": [
      {
        "type": "Hex High Entropy String",
        "filename": "gdcdictionary/examples/valid/filtered_copy_number_segment.json",
        "hashed_secret": "e3f181b6b92d74e30d524d03029e785d0c7c7535",
        "is_verified": false,
        "line_number": 6,
        "is_secret": false
      }
    ],
    "gdcdictionary/examples/valid/gene_expression.json": [
      {
        "type": "Hex High Entropy String",
        "filename": "gdcdictionary/examples/valid/gene_expression.json",
        "hashed_secret": "e3f181b6b92d74e30d524d03029e785d0c7c7535",
        "is_verified": false,
        "line_number": 6,
        "is_secret": false
      }
    ],
    "gdcdictionary/examples/valid/masked_methylation_array.json": [
      {
        "type": "Hex High Entropy String",
        "filename": "gdcdictionary/examples/valid/masked_methylation_array.json",
        "hashed_secret": "6953e58b209f030cd00496abdeb8bac65d12d722",
        "is_verified": false,
        "line_number": 6,
        "is_secret": false
      }
    ],
    "gdcdictionary/examples/valid/masked_somatic_mutation.json": [
      {
        "type": "Hex High Entropy String",
        "filename": "gdcdictionary/examples/valid/masked_somatic_mutation.json",
        "hashed_secret": "2b38adf3cf0fc7e9584f582470a02b27c01c7257",
        "is_verified": false,
        "line_number": 7,
        "is_secret": false
      }
    ],
    "gdcdictionary/examples/valid/methylation_beta_value.json": [
      {
        "type": "Hex High Entropy String",
        "filename": "gdcdictionary/examples/valid/methylation_beta_value.json",
        "hashed_secret": "e3f181b6b92d74e30d524d03029e785d0c7c7535",
        "is_verified": false,
        "line_number": 6,
        "is_secret": false
      }
    ],
    "gdcdictionary/examples/valid/mirna_expression.json": [
      {
        "type": "Hex High Entropy String",
        "filename": "gdcdictionary/examples/valid/mirna_expression.json",
        "hashed_secret": "e3f181b6b92d74e30d524d03029e785d0c7c7535",
        "is_verified": false,
        "line_number": 6,
        "is_secret": false
      }
    ],
    "gdcdictionary/examples/valid/pathology_report.json": [
      {
        "type": "Hex High Entropy String",
        "filename": "gdcdictionary/examples/valid/pathology_report.json",
        "hashed_secret": "2b38adf3cf0fc7e9584f582470a02b27c01c7257",
        "is_verified": false,
        "line_number": 7,
        "is_secret": false
      }
    ],
    "gdcdictionary/examples/valid/protein_expression.json": [
      {
        "type": "Hex High Entropy String",
        "filename": "gdcdictionary/examples/valid/protein_expression.json",
        "hashed_secret": "e3f181b6b92d74e30d524d03029e785d0c7c7535",
        "is_verified": false,
        "line_number": 6,
        "is_secret": false
      }
    ],
    "gdcdictionary/examples/valid/raw_methylation_array.json": [
      {
        "type": "Hex High Entropy String",
        "filename": "gdcdictionary/examples/valid/raw_methylation_array.json",
        "hashed_secret": "6953e58b209f030cd00496abdeb8bac65d12d722",
        "is_verified": false,
        "line_number": 6,
        "is_secret": false
      }
    ],
    "gdcdictionary/examples/valid/run_metadata.json": [
      {
        "type": "Hex High Entropy String",
        "filename": "gdcdictionary/examples/valid/run_metadata.json",
        "hashed_secret": "daef34f66b6e909f3a22ffd063d48eb428067b6e",
        "is_verified": false,
        "line_number": 6,
        "is_secret": false
      }
    ],
    "gdcdictionary/examples/valid/seceondary_expression_analysis.json": [
      {
        "type": "Hex High Entropy String",
        "filename": "gdcdictionary/examples/valid/seceondary_expression_analysis.json",
        "hashed_secret": "4de404c62cf02834719790ee27509d5f61d612e4",
        "is_verified": false,
        "line_number": 6,
        "is_secret": false
      }
    ],
    "gdcdictionary/examples/valid/simple_germline_variation.json": [
      {
        "type": "Hex High Entropy String",
        "filename": "gdcdictionary/examples/valid/simple_germline_variation.json",
        "hashed_secret": "e3f181b6b92d74e30d524d03029e785d0c7c7535",
        "is_verified": false,
        "line_number": 6,
        "is_secret": false
      }
    ],
    "gdcdictionary/examples/valid/simple_somatic_mutation.json": [
      {
        "type": "Hex High Entropy String",
        "filename": "gdcdictionary/examples/valid/simple_somatic_mutation.json",
        "hashed_secret": "e3f181b6b92d74e30d524d03029e785d0c7c7535",
        "is_verified": false,
        "line_number": 6,
        "is_secret": false
      }
    ],
    "gdcdictionary/examples/valid/slide_image.json": [
      {
        "type": "Hex High Entropy String",
        "filename": "gdcdictionary/examples/valid/slide_image.json",
        "hashed_secret": "daef34f66b6e909f3a22ffd063d48eb428067b6e",
        "is_verified": false,
        "line_number": 6,
        "is_secret": false
      }
    ],
    "gdcdictionary/examples/valid/somatic_mutation_index.json": [
      {
        "type": "Hex High Entropy String",
        "filename": "gdcdictionary/examples/valid/somatic_mutation_index.json",
        "hashed_secret": "a1ba33896d16eda8522e531edbaf3b625c1f4c31",
        "is_verified": false,
        "line_number": 6,
        "is_secret": false
      }
    ],
    "gdcdictionary/examples/valid/structural_variation.json": [
      {
        "type": "Hex High Entropy String",
        "filename": "gdcdictionary/examples/valid/structural_variation.json",
        "hashed_secret": "e3f181b6b92d74e30d524d03029e785d0c7c7535",
        "is_verified": false,
        "line_number": 6,
        "is_secret": false
      }
    ],
    "gdcdictionary/examples/valid/submitted_aligned_reads.json": [
      {
        "type": "Hex High Entropy String",
        "filename": "gdcdictionary/examples/valid/submitted_aligned_reads.json",
        "hashed_secret": "e3f181b6b92d74e30d524d03029e785d0c7c7535",
        "is_verified": false,
        "line_number": 7,
        "is_secret": false
      }
    ],
    "gdcdictionary/examples/valid/submitted_genomic_profile.json": [
      {
        "type": "Hex High Entropy String",
        "filename": "gdcdictionary/examples/valid/submitted_genomic_profile.json",
        "hashed_secret": "e3f181b6b92d74e30d524d03029e785d0c7c7535",
        "is_verified": false,
        "line_number": 7,
        "is_secret": false
      }
    ],
    "gdcdictionary/examples/valid/submitted_genotyping_array.json": [
      {
        "type": "Hex High Entropy String",
        "filename": "gdcdictionary/examples/valid/submitted_genotyping_array.json",
        "hashed_secret": "e3f181b6b92d74e30d524d03029e785d0c7c7535",
        "is_verified": false,
        "line_number": 6,
        "is_secret": false
      }
    ],
    "gdcdictionary/examples/valid/submitted_methylation_beta_value.json": [
      {
        "type": "Hex High Entropy String",
        "filename": "gdcdictionary/examples/valid/submitted_methylation_beta_value.json",
        "hashed_secret": "e3f181b6b92d74e30d524d03029e785d0c7c7535",
        "is_verified": false,
        "line_number": 6,
        "is_secret": false
      }
    ],
    "gdcdictionary/examples/valid/submitted_tangent_copy_number.json": [
      {
        "type": "Hex High Entropy String",
        "filename": "gdcdictionary/examples/valid/submitted_tangent_copy_number.json",
        "hashed_secret": "e3f181b6b92d74e30d524d03029e785d0c7c7535",
        "is_verified": false,
        "line_number": 6,
        "is_secret": false
      }
    ],
    "gdcdictionary/examples/valid/submitted_unaligned_reads.json": [
      {
        "type": "Hex High Entropy String",
        "filename": "gdcdictionary/examples/valid/submitted_unaligned_reads.json",
        "hashed_secret": "88e3a7adc1779a311467797f00d2edc5e9697d9c",
        "is_verified": false,
        "line_number": 7,
        "is_secret": false
      }
    ]
  },
  "version": "1.1.0",
  "filters_used": [
    {
      "path": "detect_secrets.filters.allowlist.is_line_allowlisted"
    },
    {
      "path": "detect_secrets.filters.heuristic.is_sequential_string"
    },
    {
      "path": "detect_secrets.filters.heuristic.is_potential_uuid"
    },
    {
      "path": "detect_secrets.filters.heuristic.is_likely_id_string"
    },
    {
      "path": "detect_secrets.filters.heuristic.is_templated_secret"
    },
    {
      "path": "detect_secrets.filters.heuristic.is_prefixed_with_dollar_sign"
    },
    {
      "path": "detect_secrets.filters.heuristic.is_indirect_reference"
    },
    {
      "path": "detect_secrets.filters.common.is_ignored_due_to_verification_policies",
      "min_level": 2
    },
    {
      "path": "detect_secrets.filters.regex.should_exclude_file",
      "pattern": [
        "^.secrets.baseline$"
      ]
    },
    {
      "path": "detect_secrets.filters.heuristic.is_lock_file"
    },
    {
      "path": "detect_secrets.filters.heuristic.is_not_alphanumeric_string"
    },
    {
      "path": "detect_secrets.filters.heuristic.is_swagger_file"
    }
  ]
}
